[EXECUTOR] executeTask - Error in task execution
es.bsc.compss.types.execution.exceptions.JobExecutionException: Job 4 exit with value 1
	at es.bsc.compss.invokers.external.piped.PipedInvoker.invokeExternalMethod(PipedInvoker.java:296)
	at es.bsc.compss.invokers.external.ExternalInvoker.invokeMethod(ExternalInvoker.java:389)
	at es.bsc.compss.invokers.Invoker.invoke(Invoker.java:336)
	at es.bsc.compss.invokers.Invoker.runInvocation(Invoker.java:292)
	at es.bsc.compss.executor.Executor.runInvocation(Executor.java:512)
	at es.bsc.compss.executor.Executor.redirectStreamsAndRun(Executor.java:448)
	at es.bsc.compss.executor.Executor.filesWrapperAndRun(Executor.java:387)
	at es.bsc.compss.executor.Executor.sandBoxWrapperAndRun(Executor.java:358)
	at es.bsc.compss.executor.Executor.resourcesWrapperAndRun(Executor.java:337)
	at es.bsc.compss.executor.Executor.totalTimerAndTracingWrapperAndRun(Executor.java:311)
	at es.bsc.compss.executor.Executor.execute(Executor.java:287)
	at es.bsc.compss.executor.Executor.processInvocation(Executor.java:253)
	at es.bsc.compss.types.execution.InvocationExecutionRequest.run(InvocationExecutionRequest.java:60)
	at es.bsc.compss.executor.Executor.processRequests(Executor.java:223)
	at es.bsc.compss.executor.Executor.run(Executor.java:175)
	at es.bsc.compss.execution.ExecutionPlatform$4.run(ExecutionPlatform.java:269)
	at java.lang.Thread.run(Thread.java:748)

    if value not in self._set:
AttributeError: 'ListSet' object has no attribute '_set'
2025-09-30 11:39:28,131 ERROR pycompss.runtime.task.worker worker - Traceback (most recent call last):
  File "/apps/COMPSs/3.3/Bindings/python/3/pycompss/worker/commons/worker.py", line 375, in task_execution
    task_output = getattr(module, method_name)(
  File "/apps/COMPSs/3.3/Bindings/python/3/pycompss/api/task.py", line 161, in task_decorator
    return self.__decorator_body__(user_function, args, kwargs)
  File "/apps/COMPSs/3.3/Bindings/python/3/pycompss/api/task.py", line 222, in __decorator_body__
    worker_result = worker.call(*args, **kwargs)
  File "/apps/COMPSs/3.3/Bindings/python/3/pycompss/runtime/task/worker.py", line 249, in call
    result = self.execute_user_code(
  File "/apps/COMPSs/3.3/Bindings/python/3/pycompss/runtime/task/worker.py", line 1171, in execute_user_code
    raise exc
  File "/apps/COMPSs/3.3/Bindings/python/3/pycompss/runtime/task/worker.py", line 1154, in execute_user_code
    user_returns = self.user_function(
  File "/home/upc/upc848455/probabilistic_contingencies/main_parallel.py", line 118, in check_stability_and_pf
    grid = pickle.loads(kwargs["grid"])
  File "/gpfs/projects/bsc19/upc848455/packages/GridCalEngine/basic_structures.py", line 857, in extend
    self.append(value)
  File "/gpfs/projects/bsc19/upc848455/packages/GridCalEngine/basic_structures.py", line 850, in append
    if value not in self._set:
AttributeError: 'ListSet' object has no attribute '_set'
Traceback (most recent call last):
  File "/apps/COMPSs/3.3/Bindings/python/3/pycompss/worker/commons/worker.py", line 375, in task_execution
    task_output = getattr(module, method_name)(
  File "/apps/COMPSs/3.3/Bindings/python/3/pycompss/api/task.py", line 161, in task_decorator
    return self.__decorator_body__(user_function, args, kwargs)
  File "/apps/COMPSs/3.3/Bindings/python/3/pycompss/api/task.py", line 222, in __decorator_body__
    worker_result = worker.call(*args, **kwargs)
  File "/apps/COMPSs/3.3/Bindings/python/3/pycompss/runtime/task/worker.py", line 249, in call
    result = self.execute_user_code(
  File "/apps/COMPSs/3.3/Bindings/python/3/pycompss/runtime/task/worker.py", line 1171, in execute_user_code
    raise exc
  File "/apps/COMPSs/3.3/Bindings/python/3/pycompss/runtime/task/worker.py", line 1154, in execute_user_code
    user_returns = self.user_function(
  File "/home/upc/upc848455/probabilistic_contingencies/main_parallel.py", line 118, in check_stability_and_pf
    grid = pickle.loads(kwargs["grid"])
  File "/gpfs/projects/bsc19/upc848455/packages/GridCalEngine/basic_structures.py", line 857, in extend
    self.append(value)
  File "/gpfs/projects/bsc19/upc848455/packages/GridCalEngine/basic_structures.py", line 850, in append
    if value not in self._set:
AttributeError: 'ListSet' object has no attribute '_set'
2025-09-30 11:39:28,134 ERROR pycompss.runtime.task.worker worker - Check that all parameters have been defined with an absolute import path (even if in the same file)
Traceback (most recent call last):
  File "/apps/COMPSs/3.3/Bindings/python/3/pycompss/worker/commons/worker.py", line 375, in task_execution
    task_output = getattr(module, method_name)(
  File "/apps/COMPSs/3.3/Bindings/python/3/pycompss/api/task.py", line 161, in task_decorator
    return self.__decorator_body__(user_function, args, kwargs)
  File "/apps/COMPSs/3.3/Bindings/python/3/pycompss/api/task.py", line 222, in __decorator_body__
    worker_result = worker.call(*args, **kwargs)
  File "/apps/COMPSs/3.3/Bindings/python/3/pycompss/runtime/task/worker.py", line 249, in call
    result = self.execute_user_code(
  File "/apps/COMPSs/3.3/Bindings/python/3/pycompss/runtime/task/worker.py", line 1171, in execute_user_code
    raise exc
  File "/apps/COMPSs/3.3/Bindings/python/3/pycompss/runtime/task/worker.py", line 1154, in execute_user_code
    user_returns = self.user_function(
  File "/home/upc/upc848455/probabilistic_contingencies/main_parallel.py", line 118, in check_stability_and_pf
    grid = pickle.loads(kwargs["grid"])
  File "/gpfs/projects/bsc19/upc848455/packages/GridCalEngine/basic_structures.py", line 857, in extend
    self.append(value)
  File "/gpfs/projects/bsc19/upc848455/packages/GridCalEngine/basic_structures.py", line 850, in append
    if value not in self._set:
AttributeError: 'ListSet' object has no attribute '_set'
