[EXECUTOR] executeTask - Error in task execution
sk.worker worker - WORKER EXCEPTION IN Process-22 - Attribute Error Exception
Traceback (most recent call last):
  File "/apps/COMPSs/3.3/Bindings/python/3/pycompss/worker/commons/worker.py", line 375, in task_execution
    task_output = getattr(module, method_name)(
  File "/apps/COMPSs/3.3/Bindings/python/3/pycompss/api/task.py", line 161, in task_decorator
    return self.__decorator_body__(user_function, args, kwargs)
  File "/apps/COMPSs/3.3/Bindings/python/3/pycompss/api/task.py", line 222, in __decorator_body__
    worker_result = worker.call(*args, **kwargs)
  File "/apps/COMPSs/3.3/Bindings/python/3/pycompss/runtime/task/worker.py", line 249, in call
    result = self.execute_user_code(
  File "/apps/COMPSs/3.3/Bindings/python/3/pycompss/runtime/task/worker.py", line 1171, in execute_user_code
    raise exc
  File "/apps/COMPSs/3.3/Bindings/python/3/pycompss/runtime/task/worker.py", line 1154, in execute_user_code
    user_returns = self.user_function(
  File "/home/upc/upc848455/probabilistic_contingencies/main_parallel.py", line 214, in check_stability_and_pf
    return error, stability, pf_converged, run_pf_converged, detect_islands(grid)
  File "/home/upc/upc848455/probabilistic_contingencies/main_parallel.py", line 76, in detect_islands
    nc = gce.compile_numerical_circuit_at(grid, t_idx=None)
  File "/gpfs/projects/bsc19/upc848455/packages/GridCalEngine/Compilers/circuit_to_data.py", line 1972, in compile_numerical_circuit_at
    bus_voltage_used = np.zeros(circuit.get_bus_number(), dtype=bool)
AttributeError: 'dict' object has no attribute 'get_bus_number'
2025-09-30 11:31:01,069 ERROR pycompss.runtime.task.worker worker - Traceback (most recent call last):
  File "/apps/COMPSs/3.3/Bindings/python/3/pycompss/worker/commons/worker.py", line 375, in task_execution
    task_output = getattr(module, method_name)(
  File "/apps/COMPSs/3.3/Bindings/python/3/pycompss/api/task.py", line 161, in task_decorator
    return self.__decorator_body__(user_function, args, kwargs)
  File "/apps/COMPSs/3.3/Bindings/python/3/pycompss/api/task.py", line 222, in __decorator_body__
    worker_result = worker.call(*args, **kwargs)
  File "/apps/COMPSs/3.3/Bindings/python/3/pycompss/runtime/task/worker.py", line 249, in call
    result = self.execute_user_code(
  File "/apps/COMPSs/3.3/Bindings/python/3/pycompss/runtime/task/worker.py", line 1171, in execute_user_code
    raise exc
  File "/apps/COMPSs/3.3/Bindings/python/3/pycompss/runtime/task/worker.py", line 1154, in execute_user_code
    user_returns = self.user_function(
  File "/home/upc/upc848455/probabilistic_contingencies/main_parallel.py", line 214, in check_stability_and_pf
    return error, stability, pf_converged, run_pf_converged, detect_islands(grid)
  File "/home/upc/upc848455/probabilistic_contingencies/main_parallel.py", line 76, in detect_islands
    nc = gce.compile_numerical_circuit_at(grid, t_idx=None)
  File "/gpfs/projects/bsc19/upc848455/packages/GridCalEngine/Compilers/circuit_to_data.py", line 1972, in compile_numerical_circuit_at
    bus_voltage_used = np.zeros(circuit.get_bus_number(), dtype=bool)
AttributeError: 'dict' object has no attribute 'get_bus_number'
Traceback (most recent call last):
  File "/apps/COMPSs/3.3/Bindings/python/3/pycompss/worker/commons/worker.py", line 375, in task_execution
    task_output = getattr(module, method_name)(
  File "/apps/COMPSs/3.3/Bindings/python/3/pycompss/api/task.py", line 161, in task_decorator
    return self.__decorator_body__(user_function, args, kwargs)
  File "/apps/COMPSs/3.3/Bindings/python/3/pycompss/api/task.py", line 222, in __decorator_body__
    worker_result = worker.call(*args, **kwargs)
  File "/apps/COMPSs/3.3/Bindings/python/3/pycompss/runtime/task/worker.py", line 249, in call
    result = self.execute_user_code(
  File "/apps/COMPSs/3.3/Bindings/python/3/pycompss/runtime/task/worker.py", line 1171, in execute_user_code
    raise exc
  File "/apps/COMPSs/3.3/Bindings/python/3/pycompss/runtime/task/worker.py", line 1154, in execute_user_code
    user_returns = self.user_function(
  File "/home/upc/upc848455/probabilistic_contingencies/main_parallel.py", line 214, in check_stability_and_pf
    return error, stability, pf_converged, run_pf_converged, detect_islands(grid)
  File "/home/upc/upc848455/probabilistic_contingencies/main_parallel.py", line 76, in detect_islands
    nc = gce.compile_numerical_circuit_at(grid, t_idx=None)
  File "/gpfs/projects/bsc19/upc848455/packages/GridCalEngine/Compilers/circuit_to_data.py", line 1972, in compile_numerical_circuit_at
    bus_voltage_used = np.zeros(circuit.get_bus_number(), dtype=bool)
AttributeError: 'dict' object has no attribute 'get_bus_number'
2025-09-30 11:31:01,073 ERROR pycompss.runtime.task.worker worker - Check that all parameters have been defined with an absolute import path (even if in the same file)
Traceback (most recent call last):
  File "/apps/COMPSs/3.3/Bindings/python/3/pycompss/worker/commons/worker.py", line 375, in task_execution
    task_output = getattr(module, method_name)(
  File "/apps/COMPSs/3.3/Bindings/python/3/pycompss/api/task.py", line 161, in task_decorator
    return self.__decorator_body__(user_function, args, kwargs)
  File "/apps/COMPSs/3.3/Bindings/python/3/pycompss/api/task.py", line 222, in __decorator_body__
    worker_result = worker.call(*args, **kwargs)
  File "/apps/COMPSs/3.3/Bindings/python/3/pycompss/runtime/task/worker.py", line 249, in call
    result = self.execute_user_code(
  File "/apps/COMPSs/3.3/Bindings/python/3/pycompss/runtime/task/worker.py", line 1171, in execute_user_code
    raise exc
  File "/apps/COMPSs/3.3/Bindings/python/3/pycompss/runtime/task/worker.py", line 1154, in execute_user_code
    user_returns = self.user_function(
  File "/home/upc/upc848455/probabilistic_contingencies/main_parallel.py", line 214, in check_stability_and_pf
    return error, stability, pf_converged, run_pf_converged, detect_islands(grid)
  File "/home/upc/upc848455/probabilistic_contingencies/main_parallel.py", line 76, in detect_islands
    nc = gce.compile_numerical_circuit_at(grid, t_idx=None)
  File "/gpfs/projects/bsc19/upc848455/packages/GridCalEngine/Compilers/circuit_to_data.py", line 1972, in compile_numerical_circuit_at
    bus_voltage_used = np.zeros(circuit.get_bus_number(), dtype=bool)
AttributeError: 'dict' object has no attribute 'get_bus_number'
